// Jest Snapshot v1, https://goo.gl/fbAQLP

exports[`The Panel component renders as expected with children 1`] = `
<WithStyles(ExpansionPanel)
  className="Panel-rootGrey-1"
>
  <WithStyles(ExpansionPanelSummary)
    expandIcon={<pure(ExpandMoreIcon) />}
  >
    <WithStyles(Typography)
      className="Panel-heading-3"
    >
      Test Panel
    </WithStyles(Typography)>
  </WithStyles(ExpansionPanelSummary)>
  <WithStyles(ExpansionPanelDetails)>
    <div>
      <p>
        Test panel children
      </p>
    </div>
  </WithStyles(ExpansionPanelDetails)>
</WithStyles(ExpansionPanel)>
`;
